
> rest-express@1.0.0 build
> node scripts/with-env.cjs NODE_ENV=production -- node --import tsx script/build.ts

building client...
vite v7.3.1 building client environment for production...
transforming...
✓ 8232 modules transformed.
[build] client build still running...
Generated an empty chunk: "vendor-office".
rendering chunks...
[meta-images] no Replit deployment domain found, skipping meta tag updates
computing gzip size...
../dist/public/registerSW.js                                        0.13 kB
../dist/public/manifest.webmanifest                                 0.50 kB
../dist/public/assets/fileValidationWorker-BYOxz884.js              3.26 kB
../dist/public/index.html                                           3.59 kB │ gzip:   1.27 kB
../dist/public/assets/KaTeX_Size3-Regular-CTq5MqoE.woff             4.42 kB
../dist/public/assets/KaTeX_Size4-Regular-Dl5lxZxV.woff2            4.93 kB
../dist/public/assets/KaTeX_Size2-Regular-Dy4dx90m.woff2            5.21 kB
../dist/public/assets/KaTeX_Size1-Regular-mCD8mA8B.woff2            5.47 kB
../dist/public/assets/share-icon-C4p42T6V.png                       5.51 kB
../dist/public/assets/KaTeX_Size4-Regular-BF-4gkZK.woff             5.98 kB
../dist/public/assets/KaTeX_Size2-Regular-oD1tc_U0.woff             6.19 kB
../dist/public/assets/KaTeX_Size1-Regular-C195tn64.woff             6.50 kB
../dist/public/assets/KaTeX_Caligraphic-Regular-Di6jR-x-.woff2      6.91 kB
../dist/public/assets/KaTeX_Caligraphic-Bold-Dq_IR9rO.woff2         6.91 kB
../dist/public/assets/KaTeX_Size3-Regular-DgpXs0kz.ttf              7.59 kB
../dist/public/assets/KaTeX_Caligraphic-Regular-CTRA-rTL.woff       7.66 kB
../dist/public/assets/KaTeX_Caligraphic-Bold-BEiXGLvX.woff          7.72 kB
../dist/public/assets/KaTeX_Script-Regular-D3wIWfF6.woff2           9.64 kB
../dist/public/assets/KaTeX_SansSerif-Regular-DDBCnlJ7.woff2       10.34 kB
../dist/public/assets/KaTeX_Size4-Regular-DWFBv043.ttf             10.36 kB
../dist/public/assets/KaTeX_Script-Regular-D5yQViql.woff           10.59 kB
../dist/public/assets/KaTeX_Fraktur-Regular-CTYiF6lA.woff2         11.32 kB
../dist/public/assets/KaTeX_Fraktur-Bold-CL6g_b3V.woff2            11.35 kB
../dist/public/assets/KaTeX_Size2-Regular-B7gKUWhC.ttf             11.51 kB
../dist/public/assets/KaTeX_SansSerif-Italic-C3H0VqGB.woff2        12.03 kB
../dist/public/assets/KaTeX_SansSerif-Bold-D1sUS0GD.woff2          12.22 kB
../dist/public/assets/KaTeX_Size1-Regular-Dbsnue_I.ttf             12.23 kB
../dist/public/assets/KaTeX_SansSerif-Regular-CS6fqUqJ.woff        12.32 kB
../dist/public/assets/KaTeX_Caligraphic-Regular-wX97UBjC.ttf       12.34 kB
../dist/public/assets/KaTeX_Caligraphic-Bold-ATXxdsX0.ttf          12.37 kB
../dist/public/assets/KaTeX_Fraktur-Regular-Dxdc4cR9.woff          13.21 kB
../dist/public/assets/KaTeX_Fraktur-Bold-BsDP51OF.woff             13.30 kB
../dist/public/assets/KaTeX_Typewriter-Regular-CO6r4hn1.woff2      13.57 kB
../dist/public/assets/KaTeX_SansSerif-Italic-DN2j7dab.woff         14.11 kB
../dist/public/assets/KaTeX_SansSerif-Bold-DbIhKOiC.woff           14.41 kB
../dist/public/assets/KaTeX_Typewriter-Regular-C0xS9mPB.woff       16.03 kB
../dist/public/assets/KaTeX_Math-BoldItalic-CZnvNsCZ.woff2         16.40 kB
../dist/public/assets/KaTeX_Math-Italic-t53AETM-.woff2             16.44 kB
../dist/public/assets/KaTeX_Script-Regular-C5JkGWo-.ttf            16.65 kB
../dist/public/assets/KaTeX_Main-BoldItalic-DxDJ3AOS.woff2         16.78 kB
../dist/public/assets/KaTeX_Main-Italic-NWA7e6Wa.woff2             16.99 kB
../dist/public/assets/KaTeX_Math-BoldItalic-iY-2wyZ7.woff          18.67 kB
../dist/public/assets/KaTeX_Math-Italic-DA0__PXp.woff              18.75 kB
../dist/public/assets/KaTeX_Main-BoldItalic-SpSLRI95.woff          19.41 kB
../dist/public/assets/KaTeX_SansSerif-Regular-BNo7hRIc.ttf         19.44 kB
../dist/public/assets/KaTeX_Fraktur-Regular-CB_wures.ttf           19.57 kB
../dist/public/assets/KaTeX_Fraktur-Bold-BdnERNNW.ttf              19.58 kB
../dist/public/assets/KaTeX_Main-Italic-BMLOBm91.woff              19.68 kB
../dist/public/assets/KaTeX_SansSerif-Italic-YYjJ1zSn.ttf          22.36 kB
../dist/public/assets/KaTeX_SansSerif-Bold-CFMepnvq.ttf            24.50 kB
../dist/public/assets/KaTeX_Main-Bold-Cx986IdX.woff2               25.32 kB
../dist/public/assets/formula-engine.worker-DKqFkY3J.js            25.95 kB
../dist/public/assets/KaTeX_Main-Regular-B22Nviop.woff2            26.27 kB
../dist/public/assets/KaTeX_Typewriter-Regular-D3Ib7_Hf.ttf        27.56 kB
../dist/public/assets/KaTeX_AMS-Regular-BQhdFMY1.woff2             28.08 kB
../dist/public/assets/prismWorker-Dk4OiJfT.js                      28.69 kB
../dist/public/assets/KaTeX_Main-Bold-Jm3AIy58.woff                29.91 kB
../dist/public/assets/KaTeX_Main-Regular-Dr94JaBh.woff             30.77 kB
../dist/public/assets/KaTeX_Math-BoldItalic-B3XSjfu4.ttf           31.20 kB
../dist/public/assets/KaTeX_Math-Italic-flOr_0UB.ttf               31.31 kB
../dist/public/assets/KaTeX_Main-BoldItalic-DzxPMmG6.ttf           32.97 kB
../dist/public/assets/KaTeX_AMS-Regular-DMm9YOAa.woff              33.52 kB
../dist/public/assets/KaTeX_Main-Italic-3WenGoN9.ttf               33.58 kB
../dist/public/assets/KaTeX_Main-Bold-waoOVXN0.ttf                 51.34 kB
../dist/public/assets/KaTeX_Main-Regular-ypZvNtVU.ttf              53.58 kB
../dist/public/assets/KaTeX_AMS-Regular-DRggAlZN.ttf               63.63 kB
../dist/public/assets/sira-logo-JJJU0LC0.png                      679.98 kB
../dist/public/assets/use-chat-folders-DDtRxOLp.css                 7.76 kB │ gzip:   1.57 kB
../dist/public/assets/admin-DKcCC-EZ.css                           52.18 kB │ gzip:   9.46 kB
../dist/public/assets/index-dYmvPHKe.css                          436.89 kB │ gzip:  62.73 kB
../dist/public/assets/vendor-office-l0sNRNKZ.js                     0.00 kB │ gzip:   0.02 kB
../dist/public/assets/clone-F6lnO8mP.js                             0.10 kB │ gzip:   0.11 kB
../dist/public/assets/ig-CxzXvCiR.js                                0.16 kB │ gzip:   0.13 kB
../dist/public/assets/ha-BR74t_HY.js                                0.16 kB │ gzip:   0.13 kB
../dist/public/assets/da-DVbmnx3O.js                                0.16 kB │ gzip:   0.13 kB
../dist/public/assets/la-pgRtM6HE.js                                0.16 kB │ gzip:   0.13 kB
../dist/public/assets/zu-D7bG2jsq.js                                0.16 kB │ gzip:   0.13 kB
../dist/public/assets/cy-9btAMN8w.js                                0.16 kB │ gzip:   0.14 kB
../dist/public/assets/fi-DRy5wCWp.js                                0.16 kB │ gzip:   0.14 kB
../dist/public/assets/fy-DTy73CDN.js                                0.16 kB │ gzip:   0.14 kB
../dist/public/assets/ga-xH4K2D7x.js                                0.16 kB │ gzip:   0.14 kB
../dist/public/assets/lo-C94nLPC7.js                                0.16 kB │ gzip:   0.15 kB
../dist/public/assets/mi-04S7zWcf.js                                0.16 kB │ gzip:   0.14 kB
../dist/public/assets/mt-Dii8QrJx.js                                0.16 kB │ gzip:   0.13 kB
../dist/public/assets/pl-BQDjeLOA.js                                0.16 kB │ gzip:   0.14 kB
../dist/public/assets/ur-CO9gGgDv.js                                0.16 kB │ gzip:   0.15 kB
../dist/public/assets/uz-DqtOyWdp.js                                0.16 kB │ gzip:   0.14 kB
../dist/public/assets/de-Bg156UX6.js                                0.16 kB │ gzip:   0.14 kB
../dist/public/assets/et-ykLou1s2.js                                0.16 kB │ gzip:   0.14 kB
../dist/public/assets/eu-C7BlO8WY.js                                0.16 kB │ gzip:   0.14 kB
../dist/public/assets/ku-DKbvmnfl.js                                0.16 kB │ gzip:   0.14 kB
../dist/public/assets/sn-D4x2aM4M.js                                0.16 kB │ gzip:   0.14 kB
../dist/public/assets/sq-C_lu4Y9N.js                                0.16 kB │ gzip:   0.14 kB
../dist/public/assets/th-M3FFStiL.js                                0.16 kB │ gzip:   0.15 kB
../dist/public/assets/xh-CX9hTzrc.js                                0.16 kB │ gzip:   0.13 kB
../dist/public/assets/zh-CyezCBME.js                                0.16 kB │ gzip:   0.15 kB
../dist/public/assets/ca-0K0Ejdpk.js                                0.16 kB │ gzip:   0.14 kB
../dist/public/assets/cs-KCwVKh19.js                                0.16 kB │ gzip:   0.15 kB
../dist/public/assets/gl-Cd1B1o9h.js                                0.16 kB │ gzip:   0.14 kB
../dist/public/assets/no-45CqlonX.js                                0.16 kB │ gzip:   0.14 kB
../dist/public/assets/ps-Dgpn_fjK.js                                0.16 kB │ gzip:   0.15 kB
../dist/public/assets/sd-tCH6K70-.js                                0.16 kB │ gzip:   0.15 kB
../dist/public/assets/so-BRPupYXo.js                                0.16 kB │ gzip:   0.14 kB
../dist/public/assets/st-DfnGFV7A.js                                0.16 kB │ gzip:   0.13 kB
../dist/public/assets/sv-C5UohOHd.js                                0.16 kB │ gzip:   0.14 kB
../dist/public/assets/yo-Dy_5NEnq.js                                0.16 kB │ gzip:   0.14 kB
../dist/public/assets/bs-BlpwfhLh.js                                0.17 kB │ gzip:   0.14 kB
../dist/public/assets/fr-QkTL_ZVX.js                                0.17 kB │ gzip:   0.14 kB
../dist/public/assets/hu-CTe-u3gI.js                                0.17 kB │ gzip:   0.14 kB
../dist/public/assets/it-DsULSir_.js                                0.17 kB │ gzip:   0.13 kB
../dist/public/assets/ko-B19U7zwl.js                                0.17 kB │ gzip:   0.15 kB
../dist/public/assets/nl-C4WcNUSa.js                                0.17 kB │ gzip:   0.14 kB
../dist/public/assets/tk-CfJoYOWH.js                                0.17 kB │ gzip:   0.14 kB
../dist/public/assets/tr-DufLcugY.js                                0.17 kB │ gzip:   0.15 kB
../dist/public/assets/fil-CUmFdECC.js                               0.17 kB │ gzip:   0.13 kB
../dist/public/assets/he-CQ6KvqW6.js                                0.17 kB │ gzip:   0.15 kB
../dist/public/assets/hr-HFUFxcgc.js                                0.17 kB │ gzip:   0.14 kB
../dist/public/assets/lv-Cl8mdpg6.js                                0.17 kB │ gzip:   0.14 kB
../dist/public/assets/mg-BVLkrJOU.js                                0.17 kB │ gzip:   0.13 kB
../dist/public/assets/ro-DvfrpOnS.js                                0.17 kB │ gzip:   0.14 kB
../dist/public/assets/sw-Ce0GBJRv.js                                0.17 kB │ gzip:   0.14 kB
../dist/public/assets/fa-CfvFJCn7.js                                0.17 kB │ gzip:   0.15 kB
../dist/public/assets/ja-D-SkTdFm.js                                0.17 kB │ gzip:   0.15 kB
../dist/public/assets/jv-DnhodP34.js                                0.17 kB │ gzip:   0.14 kB
../dist/public/assets/sk-SG9YmgI2.js                                0.17 kB │ gzip:   0.14 kB
../dist/public/assets/tg-BlBWQGR0.js                                0.17 kB │ gzip:   0.15 kB
../dist/public/assets/af-DvgPFpK_.js                                0.17 kB │ gzip:   0.14 kB
../dist/public/assets/eo-BVGxja2a.js                                0.17 kB │ gzip:   0.13 kB
../dist/public/assets/is-ECvUecqM.js                                0.17 kB │ gzip:   0.14 kB
../dist/public/assets/ms-pF57oVPZ.js                                0.17 kB │ gzip:   0.14 kB
../dist/public/assets/sm-BRxb5LfD.js                                0.17 kB │ gzip:   0.14 kB
../dist/public/assets/am-D6Wk2KX8.js                                0.17 kB │ gzip:   0.15 kB
../dist/public/assets/lt-DyHBj3ii.js                                0.17 kB │ gzip:   0.14 kB
../dist/public/assets/or-DllSHCyF.js                                0.17 kB │ gzip:   0.15 kB
../dist/public/assets/sr-CcH49Zxd.js                                0.17 kB │ gzip:   0.15 kB
../dist/public/assets/su-BKzMtNG5.js                                0.17 kB │ gzip:   0.14 kB
../dist/public/assets/yi-BaTPgdQQ.js                                0.17 kB │ gzip:   0.15 kB
../dist/public/assets/ar-CfdL7BqR.js                                0.17 kB │ gzip:   0.16 kB
../dist/public/assets/kk-CW5cNXq6.js                                0.17 kB │ gzip:   0.16 kB
../dist/public/assets/km-BGJv3XQc.js                                0.17 kB │ gzip:   0.15 kB
../dist/public/assets/pt-Char90EB.js                                0.17 kB │ gzip:   0.14 kB
../dist/public/assets/ta-C5tUr_ni.js                                0.17 kB │ gzip:   0.15 kB
../dist/public/assets/el-DC-3Zmfl.js                                0.17 kB │ gzip:   0.15 kB
../dist/public/assets/mn-mTQj7TSF.js                                0.17 kB │ gzip:   0.15 kB
../dist/public/assets/ru-BbqbBFFI.js                                0.17 kB │ gzip:   0.15 kB
../dist/public/assets/bn-6nIohnC4.js                                0.17 kB │ gzip:   0.16 kB
../dist/public/assets/hy-B66igjzO.js                                0.17 kB │ gzip:   0.15 kB
../dist/public/assets/kn-BvmS1ArF.js                                0.17 kB │ gzip:   0.15 kB
../dist/public/assets/ky-p_JGQMPb.js                                0.17 kB │ gzip:   0.16 kB
../dist/public/assets/mr-aEll1tQN.js                                0.17 kB │ gzip:   0.16 kB
../dist/public/assets/si-DqUDaGIb.js                                0.17 kB │ gzip:   0.16 kB
../dist/public/assets/sl-BSeMGXOj.js                                0.17 kB │ gzip:   0.15 kB
../dist/public/assets/hi-5hmET6I8.js                                0.17 kB │ gzip:   0.16 kB
../dist/public/assets/az-C0DfsWhM.js                                0.17 kB │ gzip:   0.15 kB
../dist/public/assets/ne-N5Z3-DEf.js                                0.17 kB │ gzip:   0.16 kB
../dist/public/assets/te-C_ab8YVg.js                                0.17 kB │ gzip:   0.16 kB
../dist/public/assets/vi-nIWr7Omg.js                                0.17 kB │ gzip:   0.15 kB
../dist/public/assets/my-B1iMVlgR.js                                0.18 kB │ gzip:   0.16 kB
../dist/public/assets/pa-DFzpj0d_.js                                0.18 kB │ gzip:   0.16 kB
../dist/public/assets/id-C8S38JXN.js                                0.18 kB │ gzip:   0.14 kB
../dist/public/assets/bg-DxGRZApX.js                                0.18 kB │ gzip:   0.16 kB
../dist/public/assets/ml-CA1lQENa.js                                0.18 kB │ gzip:   0.16 kB
../dist/public/assets/lb-CbDi0B19.js                                0.18 kB │ gzip:   0.15 kB
../dist/public/assets/as-BRRjdHG3.js                                0.18 kB │ gzip:   0.16 kB
../dist/public/assets/gu-CTzrwdM2.js                                0.18 kB │ gzip:   0.16 kB
../dist/public/assets/ht-CpWnP_fg.js                                0.18 kB │ gzip:   0.15 kB
../dist/public/assets/ka-CkseYYsh.js                                0.18 kB │ gzip:   0.16 kB
../dist/public/assets/uk-3meKTxqx.js                                0.18 kB │ gzip:   0.16 kB
../dist/public/assets/be-BGkypKvq.js                                0.18 kB │ gzip:   0.16 kB
../dist/public/assets/mk-DsiKPZg_.js                                0.18 kB │ gzip:   0.16 kB
../dist/public/assets/chunk-QZHKN3VN-D9j7Ig0E.js                    0.19 kB │ gzip:   0.16 kB
../dist/public/assets/chunk-4BX2VUAB-BGeYpghi.js                    0.23 kB │ gzip:   0.17 kB
../dist/public/assets/index-CdoFhDhz.js                             0.24 kB │ gzip:   0.18 kB
../dist/public/assets/chunk-55IACEB6-5rDdB3Ns.js                    0.28 kB │ gzip:   0.24 kB
../dist/public/assets/iliagpt-logo-D3qVyLVc.js                      0.32 kB │ gzip:   0.27 kB
../dist/public/assets/chunk-FMBD7UC4-D0wBUcIx.js                    0.37 kB │ gzip:   0.27 kB
../dist/public/assets/stateDiagram-v2-4FDKWEC3-BhksJSk5.js          0.47 kB │ gzip:   0.32 kB
../dist/public/assets/chunk-QN33PNHL-C45e728p.js                    0.51 kB │ gzip:   0.36 kB
../dist/public/assets/classDiagram-2ON5EDUG-C6o3-Svi.js             0.51 kB │ gzip:   0.34 kB
../dist/public/assets/classDiagram-v2-WZHVMYZB-C6o3-Svi.js          0.51 kB │ gzip:   0.34 kB
../dist/public/assets/textarea-DRMI1Smq.js                          0.57 kB │ gzip:   0.38 kB
../dist/public/assets/settings-BXJpm62I.js                          0.66 kB │ gzip:   0.42 kB
../dist/public/assets/not-found-DbGrsatR.js                         0.74 kB │ gzip:   0.42 kB
../dist/public/assets/infoDiagram-HS3SLOUP-5cDn_ik0.js              0.77 kB │ gzip:   0.49 kB
../dist/public/assets/label-BhOxNTCv.js                             0.96 kB │ gzip:   0.59 kB
../dist/public/assets/separator-BYcYrx_z.js                         1.10 kB │ gzip:   0.63 kB
../dist/public/assets/chunk-TZMSLE5B-BlUQxGaG.js                    1.44 kB │ gzip:   0.64 kB
../dist/public/assets/table-Bd05I5gZ.js                             1.64 kB │ gzip:   0.58 kB
../dist/public/assets/maintenance-UIL0DaFR.js                       1.65 kB │ gzip:   0.77 kB
../dist/public/assets/collapsible-BdaXA6gc.js                       2.24 kB │ gzip:   1.01 kB
../dist/public/assets/codex-5TEgrdaC.js                             2.32 kB │ gzip:   0.92 kB
../dist/public/assets/switch-C4zQGs9K.js                            2.57 kB │ gzip:   1.28 kB
../dist/public/assets/_basePickBy-Cj_vzeEt.js                       2.59 kB │ gzip:   1.29 kB
../dist/public/assets/FileSaver.min-WlWAtlKg.js                     2.64 kB │ gzip:   1.27 kB
../dist/public/assets/favorites-dialog-DWZYTqaT.js                  2.75 kB │ gzip:   1.21 kB
../dist/public/assets/progress-sl4RDslf.js                          3.33 kB │ gzip:   1.58 kB
../dist/public/assets/avatar-I__su1OA.js                            3.57 kB │ gzip:   1.62 kB
../dist/public/assets/prompt-templates-dialog-qba8bKsM.js           3.66 kB │ gzip:   1.46 kB
../dist/public/assets/pieDiagram-ADFJNKIX-BeBeLDxf.js               4.09 kB │ gzip:   1.88 kB
../dist/public/assets/privacy-policy-BM6i0J1x.js                    4.33 kB │ gzip:   1.65 kB
../dist/public/assets/diagram-S2PKOQOG-QWjRNMQD.js                  4.39 kB │ gzip:   1.92 kB
../dist/public/assets/billing-BJeVnI_p.js                           4.41 kB │ gzip:   1.30 kB
../dist/public/assets/terms-BSV3IPcC.js                             4.52 kB │ gzip:   1.77 kB
../dist/public/assets/learn-CY3YfcGd.js                             4.58 kB │ gzip:   1.73 kB
../dist/public/assets/pptPostProcessor-CKiYqPgV.js                  4.58 kB │ gzip:   2.21 kB
../dist/public/assets/alert-dialog-BXDqI07n.js                      4.92 kB │ gzip:   1.81 kB
../dist/public/assets/attachment-db-Bi6xRqqq.js                     4.92 kB │ gzip:   1.37 kB
../dist/public/assets/login-approve-7oq-C0Js.js                     5.00 kB │ gzip:   1.87 kB
../dist/public/assets/en-Cydl1Q5U.js                                5.04 kB │ gzip:   2.40 kB
../dist/public/assets/export-chat-dialog-LzpQUL1O.js                5.12 kB │ gzip:   1.90 kB
../dist/public/assets/es-COs-1XjS.js                                5.24 kB │ gzip:   2.50 kB
../dist/public/assets/download-DlOWLwsh.js                          5.25 kB │ gzip:   1.81 kB
../dist/public/assets/codex-dialog-DhWD_HFL.js                      5.34 kB │ gzip:   1.59 kB
../dist/public/assets/OfficeToolShell-byz0pB1C.js                   5.62 kB │ gzip:   1.67 kB
../dist/public/assets/graph-DhF7GCQp.js                             5.92 kB │ gzip:   1.87 kB
../dist/public/assets/diagram-QEK2KX5R-D3xeT0xc.js                  5.99 kB │ gzip:   2.53 kB
../dist/public/assets/about-gpt-dialog-BIbIlXGO.js                  6.28 kB │ gzip:   2.21 kB
../dist/public/assets/business-zXzMQLQY.js                          6.59 kB │ gzip:   2.22 kB
../dist/public/assets/popover-DeJMEuxQ.js                           6.68 kB │ gzip:   2.48 kB
../dist/public/assets/about-ztTf8J3B.js                             6.92 kB │ gzip:   2.33 kB
../dist/public/assets/use-cloud-library-CzvJW2Ik.js                 6.99 kB │ gzip:   2.39 kB
../dist/public/assets/slider-B1vRP_XC.js                            8.23 kB │ gzip:   3.35 kB
../dist/public/assets/upgrade-plan-dialog-DT9edY6g.js               9.12 kB │ gzip:   3.30 kB
../dist/public/assets/privacy-D7IZAg29.js                           9.21 kB │ gzip:   2.52 kB
../dist/public/assets/memory-UDGWiknu.js                            9.23 kB │ gzip:   2.97 kB
../dist/public/assets/tabs-CWujvk3K.js                              9.95 kB │ gzip:   3.51 kB
../dist/public/assets/gpt-explorer-ZtswpNrR.js                     10.13 kB │ gzip:   3.47 kB
../dist/public/assets/stateDiagram-FKZM4ZOC-Cjyusvq-.js            10.47 kB │ gzip:   3.68 kB
../dist/public/assets/SystemHealth-B5pVrbPz.js                     10.52 kB │ gzip:   2.71 kB
../dist/public/assets/diagram-PSM6KHXK-uTmVDO7v.js                 11.08 kB │ gzip:   3.91 kB
../dist/public/assets/dagre-6UL2VRFP-w9_sWJyT.js                   11.09 kB │ gzip:   4.14 kB
../dist/public/assets/pricing-BtrU54_i.js                          11.13 kB │ gzip:   3.72 kB
../dist/public/assets/MonitoringDashboard-Bt7hKWzP.js              11.27 kB │ gzip:   2.83 kB
../dist/public/assets/whatsapp-connect-dialog-BJg5ChQK.js          11.33 kB │ gzip:   3.67 kB
../dist/public/assets/_baseUniq-DqshegfK.js                        11.89 kB │ gzip:   4.65 kB
../dist/public/assets/workspace-jCiU-3uy.js                        13.42 kB │ gzip:   4.64 kB
../dist/public/assets/vendor-react-CH_cq1bD.js                     13.78 kB │ gzip:   5.53 kB
../dist/public/assets/signup-BA2Fxyqs.js                           13.81 kB │ gzip:   4.05 kB
../dist/public/assets/landing-Dky_2lJa.js                          16.80 kB │ gzip:   5.33 kB
../dist/public/assets/power-DmLJND83.js                            16.91 kB │ gzip:   4.27 kB
../dist/public/assets/home-cCNC3JkH.js                             19.94 kB │ gzip:   6.99 kB
../dist/public/assets/kanban-definition-3W4ZIXB7-wyNl80P3.js       20.28 kB │ gzip:   7.21 kB
../dist/public/assets/mindmap-definition-VGOIOE7T-CNvt2cz0.js      21.00 kB │ gzip:   7.33 kB
../dist/public/assets/sankeyDiagram-TZEHDZUN-CAknjiPy.js           21.97 kB │ gzip:   8.04 kB
../dist/public/assets/dropdown-menu-CumJA4Bk.js                    22.72 kB │ gzip:   6.74 kB
../dist/public/assets/journeyDiagram-XKPGCS4Q-CyDKiKkI.js          23.60 kB │ gzip:   8.35 kB
../dist/public/assets/timeline-definition-IT6M3QCI-B72wRaZY.js     23.64 kB │ gzip:   8.25 kB
../dist/public/assets/gitGraphDiagram-V2S2FVAM-DXpD4xKJ.js         24.22 kB │ gzip:   7.47 kB
../dist/public/assets/erDiagram-Q2GNP2WA-aToL5ek4.js               25.29 kB │ gzip:   8.86 kB
../dist/public/assets/checkbox-ASm6I1hA.js                         26.29 kB │ gzip:   9.00 kB
../dist/public/assets/user-library-azcBWdUF.js                     26.50 kB │ gzip:   8.91 kB
../dist/public/assets/gpt-builder-BG0yrvR-.js                      26.73 kB │ gzip:   6.62 kB
../dist/public/assets/channels-hub-dialog-Br1HhqPP.js              26.93 kB │ gzip:   7.72 kB
../dist/public/assets/SpreadsheetAnalyzer-ckLo7Il-.js              27.13 kB │ gzip:   7.61 kB
../dist/public/assets/layout-BzAUkrAR.js                           27.39 kB │ gzip:   9.73 kB
../dist/public/assets/requirementDiagram-UZGBJVZJ-DKVc53Zz.js      30.17 kB │ gzip:   9.46 kB
../dist/public/assets/PPTEditorShell--inbc8ql.js                   32.68 kB │ gzip:   9.29 kB
../dist/public/assets/skills-CwTYu7Yf.js                           33.67 kB │ gzip:   9.67 kB
../dist/public/assets/vendor-editor-DpHEvmyU.js                    33.71 kB │ gzip:  12.13 kB
../dist/public/assets/quadrantDiagram-AYHSOK5B-CFiG0zUj.js         33.83 kB │ gzip:   9.95 kB
../dist/public/assets/login-CitOL1pq.js                            33.93 kB │ gzip:  10.28 kB
../dist/public/assets/profile-0J_3Pq9k.js                          35.96 kB │ gzip:   9.35 kB
../dist/public/assets/chunk-DI55MBZ5-BTV3TcWc.js                   36.34 kB │ gzip:  11.85 kB
../dist/public/assets/xychartDiagram-PRI3JC2R-C1ZXckch.js          38.91 kB │ gzip:  10.94 kB
../dist/public/assets/chunk-B4BG7PRW-BRMQuL0J.js                   45.37 kB │ gzip:  14.73 kB
../dist/public/assets/ganttDiagram-JELNMOA3-lKRMSLZI.js            48.46 kB │ gzip:  16.60 kB
../dist/public/assets/apps-view-BNVwu0RL.js                        53.33 kB │ gzip:  13.02 kB
../dist/public/assets/flowDiagram-NV44I4VS-9DytDokr.js             60.50 kB │ gzip:  19.46 kB
../dist/public/assets/index-5GG-0PQq.js                            63.82 kB │ gzip:  17.46 kB
../dist/public/assets/c4Diagram-YG6GDRKO-BRFAkgXc.js               70.22 kB │ gzip:  19.72 kB
../dist/public/assets/blockDiagram-VD42YOAC-CCbFA36d.js            71.86 kB │ gzip:  20.52 kB
../dist/public/assets/cose-bilkent-S5V4N54A-Ddd5vm21.js            81.78 kB │ gzip:  22.51 kB
../dist/public/assets/sequenceDiagram-WL72ISMW-zidR1A5z.js         97.89 kB │ gzip:  26.90 kB
../dist/public/assets/settings-dialog-D7YRc7Ze.js                 109.78 kB │ gzip:  23.14 kB
../dist/public/assets/workspace-settings-BozE9kPM.js              124.17 kB │ gzip:  27.72 kB
../dist/public/assets/architectureDiagram-VXUJARFQ-DPfT0AJr.js    148.72 kB │ gzip:  42.11 kB
../dist/public/assets/spreadsheet-editor-B3xfmIej.js              187.33 kB │ gzip:  51.31 kB
../dist/public/assets/vendor-ui--Yl0D22q.js                       251.40 kB │ gzip:  83.53 kB
../dist/public/assets/admin-DJZjjpVR.js                           321.48 kB │ gzip:  69.70 kB
../dist/public/assets/mermaid-core-Bur9ZdWV.js                    436.15 kB │ gzip: 122.22 kB
../dist/public/assets/cytoscape-BnkdMOzK.js                       441.74 kB │ gzip: 141.49 kB
../dist/public/assets/treemap-GDKQZRPO-5tcUNi86.js                452.82 kB │ gzip: 107.21 kB
../dist/public/assets/index-D5KsfY1I.js                           471.50 kB │ gzip: 147.43 kB
../dist/public/assets/xlsx-BqVoTnzm.js                            492.03 kB │ gzip: 160.54 kB
../dist/public/assets/vendor-visualization-C9MRR5IL.js            799.98 kB │ gzip: 226.68 kB
../dist/public/assets/index-XmpI6UuM.js                           809.42 kB │ gzip: 242.36 kB
../dist/public/assets/vendor-spreadsheet-CVBeEiBz.js            1,161.87 kB │ gzip: 296.07 kB
../dist/public/assets/use-chat-folders-DKhm13kh.js              1,949.48 kB │ gzip: 606.63 kB

(!) Some chunks are larger than 500 kB after minification. Consider:
- Using dynamic import() to code-split the application
- Use build.rollupOptions.output.manualChunks to improve chunking: https://rollupjs.org/configuration-options/#output-manualchunks
- Adjust chunk size limit for this warning via build.chunkSizeWarningLimit.
✓ built in 21.55s
[build] dist sw-cleanup APP_VERSION -> build-1771572651927
building server...
✘ [ERROR] Expected "finally" but found "}"

    server/services/academicResearchEngineV3.ts:675:0:
      675 │ }
          │ ^
          ╵ finally

✘ [ERROR] Expected ";" but found "exportLibraryMetadata"

    server/services/libraryService.ts:547:8:
      547 │   async exportLibraryMetadata(userId: string): Promise<any> {
          │         ~~~~~~~~~~~~~~~~~~~~~
          ╵         ;

2 errors
Error: Build failed with 2 errors:
server/services/academicResearchEngineV3.ts:675:0: ERROR: Expected "finally" but found "}"
server/services/libraryService.ts:547:8: ERROR: Expected ";" but found "exportLibraryMetadata"
    at failureErrorWithLog (/Users/ale/Library/CloudStorage/OneDrive-Personal/ILIACODEX/node_modules/esbuild/lib/main.js:1467:15)
    at /Users/ale/Library/CloudStorage/OneDrive-Personal/ILIACODEX/node_modules/esbuild/lib/main.js:926:25
    at /Users/ale/Library/CloudStorage/OneDrive-Personal/ILIACODEX/node_modules/esbuild/lib/main.js:878:52
    at buildResponseToResult (/Users/ale/Library/CloudStorage/OneDrive-Personal/ILIACODEX/node_modules/esbuild/lib/main.js:924:7)
    at /Users/ale/Library/CloudStorage/OneDrive-Personal/ILIACODEX/node_modules/esbuild/lib/main.js:951:16
    at responseCallbacks.<computed> (/Users/ale/Library/CloudStorage/OneDrive-Personal/ILIACODEX/node_modules/esbuild/lib/main.js:603:9)
    at handleIncomingPacket (/Users/ale/Library/CloudStorage/OneDrive-Personal/ILIACODEX/node_modules/esbuild/lib/main.js:658:12)
    at Socket.readFromStdout (/Users/ale/Library/CloudStorage/OneDrive-Personal/ILIACODEX/node_modules/esbuild/lib/main.js:581:7)
    at Socket.emit (node:events:519:28)
    at addChunk (node:internal/streams/readable:561:12) {
  errors: [Getter/Setter],
  warnings: [Getter/Setter]
}
